<?xml version="1.0" encoding="ISO-8859-1" ?>
<link_info>
   <banner>TI ARM Linker PC v20.2.7.LTS</banner>
   <copyright>Copyright (c) 1996-2018 Texas Instruments Incorporated</copyright>
   <link_time>0x6631b67b</link_time>
   <link_errors>0x0</link_errors>
   <output_file>Lab 8.out</output_file>
   <entry_point>
      <name>_c_int00_noargs</name>
      <address>0x1d59</address>
   </entry_point>
   <input_file_list>
      <input_file id="fl-2">
         <path>.\</path>
         <kind>object</kind>
         <file>clock.obj</file>
         <name>clock.obj</name>
      </input_file>
      <input_file id="fl-3">
         <path>.\</path>
         <kind>object</kind>
         <file>linked_list.obj</file>
         <name>linked_list.obj</name>
      </input_file>
      <input_file id="fl-4">
         <path>.\</path>
         <kind>object</kind>
         <file>main.obj</file>
         <name>main.obj</name>
      </input_file>
      <input_file id="fl-5">
         <path>.\</path>
         <kind>object</kind>
         <file>movement.obj</file>
         <name>movement.obj</name>
      </input_file>
      <input_file id="fl-6">
         <path>.\</path>
         <kind>object</kind>
         <file>navigate.obj</file>
         <name>navigate.obj</name>
      </input_file>
      <input_file id="fl-7">
         <path>.\</path>
         <kind>object</kind>
         <file>tm4c123gh6pm_startup_ccs.obj</file>
         <name>tm4c123gh6pm_startup_ccs.obj</name>
      </input_file>
      <input_file id="fl-8">
         <path>.\</path>
         <kind>object</kind>
         <file>uart0.obj</file>
         <name>uart0.obj</name>
      </input_file>
      <input_file id="fl-9">
         <path>.\</path>
         <kind>object</kind>
         <file>wait.obj</file>
         <name>wait.obj</name>
      </input_file>
      <input_file id="fl-d">
         <kind>object</kind>
         <file>&lt;internal&gt;</file>
         <name>&lt;internal&gt;</name>
      </input_file>
      <input_file id="fl-c3">
         <path>C:\ti\ccs1260\ccs\tools\compiler\ti-cgt-arm_20.2.7.LTS\lib\</path>
         <kind>archive</kind>
         <file>rtsv7M4_T_le_v4SPD16_eabi.lib</file>
         <name>printf.c.obj</name>
      </input_file>
      <input_file id="fl-c4">
         <path>C:\ti\ccs1260\ccs\tools\compiler\ti-cgt-arm_20.2.7.LTS\lib\</path>
         <kind>archive</kind>
         <file>rtsv7M4_T_le_v4SPD16_eabi.lib</file>
         <name>_printfi.c.obj</name>
      </input_file>
      <input_file id="fl-c5">
         <path>C:\ti\ccs1260\ccs\tools\compiler\ti-cgt-arm_20.2.7.LTS\lib\</path>
         <kind>archive</kind>
         <file>rtsv7M4_T_le_v4SPD16_eabi.lib</file>
         <name>fputc.c.obj</name>
      </input_file>
      <input_file id="fl-c6">
         <path>C:\ti\ccs1260\ccs\tools\compiler\ti-cgt-arm_20.2.7.LTS\lib\</path>
         <kind>archive</kind>
         <file>rtsv7M4_T_le_v4SPD16_eabi.lib</file>
         <name>fputs.c.obj</name>
      </input_file>
      <input_file id="fl-c7">
         <path>C:\ti\ccs1260\ccs\tools\compiler\ti-cgt-arm_20.2.7.LTS\lib\</path>
         <kind>archive</kind>
         <file>rtsv7M4_T_le_v4SPD16_eabi.lib</file>
         <name>_io_perm.c.obj</name>
      </input_file>
      <input_file id="fl-c8">
         <path>C:\ti\ccs1260\ccs\tools\compiler\ti-cgt-arm_20.2.7.LTS\lib\</path>
         <kind>archive</kind>
         <file>rtsv7M4_T_le_v4SPD16_eabi.lib</file>
         <name>setvbuf.c.obj</name>
      </input_file>
      <input_file id="fl-c9">
         <path>C:\ti\ccs1260\ccs\tools\compiler\ti-cgt-arm_20.2.7.LTS\lib\</path>
         <kind>archive</kind>
         <file>rtsv7M4_T_le_v4SPD16_eabi.lib</file>
         <name>fd_add_t2.asm.obj</name>
      </input_file>
      <input_file id="fl-ca">
         <path>C:\ti\ccs1260\ccs\tools\compiler\ti-cgt-arm_20.2.7.LTS\lib\</path>
         <kind>archive</kind>
         <file>rtsv7M4_T_le_v4SPD16_eabi.lib</file>
         <name>fd_cmp_t2.asm.obj</name>
      </input_file>
      <input_file id="fl-cb">
         <path>C:\ti\ccs1260\ccs\tools\compiler\ti-cgt-arm_20.2.7.LTS\lib\</path>
         <kind>archive</kind>
         <file>rtsv7M4_T_le_v4SPD16_eabi.lib</file>
         <name>fd_div_t2.asm.obj</name>
      </input_file>
      <input_file id="fl-cc">
         <path>C:\ti\ccs1260\ccs\tools\compiler\ti-cgt-arm_20.2.7.LTS\lib\</path>
         <kind>archive</kind>
         <file>rtsv7M4_T_le_v4SPD16_eabi.lib</file>
         <name>fd_mul_t2.asm.obj</name>
      </input_file>
      <input_file id="fl-cd">
         <path>C:\ti\ccs1260\ccs\tools\compiler\ti-cgt-arm_20.2.7.LTS\lib\</path>
         <kind>archive</kind>
         <file>rtsv7M4_T_le_v4SPD16_eabi.lib</file>
         <name>fd_toi_t2.asm.obj</name>
      </input_file>
      <input_file id="fl-ce">
         <path>C:\ti\ccs1260\ccs\tools\compiler\ti-cgt-arm_20.2.7.LTS\lib\</path>
         <kind>archive</kind>
         <file>rtsv7M4_T_le_v4SPD16_eabi.lib</file>
         <name>fd_tou_t2.asm.obj</name>
      </input_file>
      <input_file id="fl-cf">
         <path>C:\ti\ccs1260\ccs\tools\compiler\ti-cgt-arm_20.2.7.LTS\lib\</path>
         <kind>archive</kind>
         <file>rtsv7M4_T_le_v4SPD16_eabi.lib</file>
         <name>i_tofd_t2.asm.obj</name>
      </input_file>
      <input_file id="fl-d0">
         <path>C:\ti\ccs1260\ccs\tools\compiler\ti-cgt-arm_20.2.7.LTS\lib\</path>
         <kind>archive</kind>
         <file>rtsv7M4_T_le_v4SPD16_eabi.lib</file>
         <name>memcpy_t2.asm.obj</name>
      </input_file>
      <input_file id="fl-d1">
         <path>C:\ti\ccs1260\ccs\tools\compiler\ti-cgt-arm_20.2.7.LTS\lib\</path>
         <kind>archive</kind>
         <file>rtsv7M4_T_le_v4SPD16_eabi.lib</file>
         <name>u_tofd_t2.asm.obj</name>
      </input_file>
      <input_file id="fl-d2">
         <path>C:\ti\ccs1260\ccs\tools\compiler\ti-cgt-arm_20.2.7.LTS\lib\</path>
         <kind>archive</kind>
         <file>rtsv7M4_T_le_v4SPD16_eabi.lib</file>
         <name>memset_t2.asm.obj</name>
      </input_file>
      <input_file id="fl-d3">
         <path>C:\ti\ccs1260\ccs\tools\compiler\ti-cgt-arm_20.2.7.LTS\lib\</path>
         <kind>archive</kind>
         <file>rtsv7M4_T_le_v4SPD16_eabi.lib</file>
         <name>ull_div_t2.asm.obj</name>
      </input_file>
      <input_file id="fl-d4">
         <path>C:\ti\ccs1260\ccs\tools\compiler\ti-cgt-arm_20.2.7.LTS\lib\</path>
         <kind>archive</kind>
         <file>rtsv7M4_T_le_v4SPD16_eabi.lib</file>
         <name>copy_zero_init.c.obj</name>
      </input_file>
      <input_file id="fl-d5">
         <path>C:\ti\ccs1260\ccs\tools\compiler\ti-cgt-arm_20.2.7.LTS\lib\</path>
         <kind>archive</kind>
         <file>rtsv7M4_T_le_v4SPD16_eabi.lib</file>
         <name>copy_decompress_none.c.obj</name>
      </input_file>
      <input_file id="fl-d6">
         <path>C:\ti\ccs1260\ccs\tools\compiler\ti-cgt-arm_20.2.7.LTS\lib\</path>
         <kind>archive</kind>
         <file>rtsv7M4_T_le_v4SPD16_eabi.lib</file>
         <name>copy_decompress_lzss.c.obj</name>
      </input_file>
      <input_file id="fl-d7">
         <path>C:\ti\ccs1260\ccs\tools\compiler\ti-cgt-arm_20.2.7.LTS\lib\</path>
         <kind>archive</kind>
         <file>rtsv7M4_T_le_v4SPD16_eabi.lib</file>
         <name>exit.c.obj</name>
      </input_file>
      <input_file id="fl-d8">
         <path>C:\ti\ccs1260\ccs\tools\compiler\ti-cgt-arm_20.2.7.LTS\lib\</path>
         <kind>archive</kind>
         <file>rtsv7M4_T_le_v4SPD16_eabi.lib</file>
         <name>_lock.c.obj</name>
      </input_file>
      <input_file id="fl-d9">
         <path>C:\ti\ccs1260\ccs\tools\compiler\ti-cgt-arm_20.2.7.LTS\lib\</path>
         <kind>archive</kind>
         <file>rtsv7M4_T_le_v4SPD16_eabi.lib</file>
         <name>_ltoa.c.obj</name>
      </input_file>
      <input_file id="fl-da">
         <path>C:\ti\ccs1260\ccs\tools\compiler\ti-cgt-arm_20.2.7.LTS\lib\</path>
         <kind>archive</kind>
         <file>rtsv7M4_T_le_v4SPD16_eabi.lib</file>
         <name>atoi.c.obj</name>
      </input_file>
      <input_file id="fl-db">
         <path>C:\ti\ccs1260\ccs\tools\compiler\ti-cgt-arm_20.2.7.LTS\lib\</path>
         <kind>archive</kind>
         <file>rtsv7M4_T_le_v4SPD16_eabi.lib</file>
         <name>ctype.c.obj</name>
      </input_file>
      <input_file id="fl-dc">
         <path>C:\ti\ccs1260\ccs\tools\compiler\ti-cgt-arm_20.2.7.LTS\lib\</path>
         <kind>archive</kind>
         <file>rtsv7M4_T_le_v4SPD16_eabi.lib</file>
         <name>defs.c.obj</name>
      </input_file>
      <input_file id="fl-dd">
         <path>C:\ti\ccs1260\ccs\tools\compiler\ti-cgt-arm_20.2.7.LTS\lib\</path>
         <kind>archive</kind>
         <file>rtsv7M4_T_le_v4SPD16_eabi.lib</file>
         <name>memccpy.c.obj</name>
      </input_file>
      <input_file id="fl-de">
         <path>C:\ti\ccs1260\ccs\tools\compiler\ti-cgt-arm_20.2.7.LTS\lib\</path>
         <kind>archive</kind>
         <file>rtsv7M4_T_le_v4SPD16_eabi.lib</file>
         <name>memchr.c.obj</name>
      </input_file>
      <input_file id="fl-df">
         <path>C:\ti\ccs1260\ccs\tools\compiler\ti-cgt-arm_20.2.7.LTS\lib\</path>
         <kind>archive</kind>
         <file>rtsv7M4_T_le_v4SPD16_eabi.lib</file>
         <name>memory.c.obj</name>
      </input_file>
      <input_file id="fl-e0">
         <path>C:\ti\ccs1260\ccs\tools\compiler\ti-cgt-arm_20.2.7.LTS\lib\</path>
         <kind>archive</kind>
         <file>rtsv7M4_T_le_v4SPD16_eabi.lib</file>
         <name>strchr.c.obj</name>
      </input_file>
      <input_file id="fl-e1">
         <path>C:\ti\ccs1260\ccs\tools\compiler\ti-cgt-arm_20.2.7.LTS\lib\</path>
         <kind>archive</kind>
         <file>rtsv7M4_T_le_v4SPD16_eabi.lib</file>
         <name>strcmp.c.obj</name>
      </input_file>
      <input_file id="fl-e2">
         <path>C:\ti\ccs1260\ccs\tools\compiler\ti-cgt-arm_20.2.7.LTS\lib\</path>
         <kind>archive</kind>
         <file>rtsv7M4_T_le_v4SPD16_eabi.lib</file>
         <name>strlen.c.obj</name>
      </input_file>
      <input_file id="fl-e3">
         <path>C:\ti\ccs1260\ccs\tools\compiler\ti-cgt-arm_20.2.7.LTS\lib\</path>
         <kind>archive</kind>
         <file>rtsv7M4_T_le_v4SPD16_eabi.lib</file>
         <name>boot_cortex_m.c.obj</name>
      </input_file>
      <input_file id="fl-e4">
         <path>C:\ti\ccs1260\ccs\tools\compiler\ti-cgt-arm_20.2.7.LTS\lib\</path>
         <kind>archive</kind>
         <file>rtsv7M4_T_le_v4SPD16_eabi.lib</file>
         <name>write.c.obj</name>
      </input_file>
      <input_file id="fl-e5">
         <path>C:\ti\ccs1260\ccs\tools\compiler\ti-cgt-arm_20.2.7.LTS\lib\</path>
         <kind>archive</kind>
         <file>rtsv7M4_T_le_v4SPD16_eabi.lib</file>
         <name>host_device.c.obj</name>
      </input_file>
      <input_file id="fl-e6">
         <path>C:\ti\ccs1260\ccs\tools\compiler\ti-cgt-arm_20.2.7.LTS\lib\</path>
         <kind>archive</kind>
         <file>rtsv7M4_T_le_v4SPD16_eabi.lib</file>
         <name>errno.c.obj</name>
      </input_file>
      <input_file id="fl-e7">
         <path>C:\ti\ccs1260\ccs\tools\compiler\ti-cgt-arm_20.2.7.LTS\lib\</path>
         <kind>archive</kind>
         <file>rtsv7M4_T_le_v4SPD16_eabi.lib</file>
         <name>wcslen.c.obj</name>
      </input_file>
      <input_file id="fl-e8">
         <path>C:\ti\ccs1260\ccs\tools\compiler\ti-cgt-arm_20.2.7.LTS\lib\</path>
         <kind>archive</kind>
         <file>rtsv7M4_T_le_v4SPD16_eabi.lib</file>
         <name>s_frexp.c.obj</name>
      </input_file>
      <input_file id="fl-e9">
         <path>C:\ti\ccs1260\ccs\tools\compiler\ti-cgt-arm_20.2.7.LTS\lib\</path>
         <kind>archive</kind>
         <file>rtsv7M4_T_le_v4SPD16_eabi.lib</file>
         <name>s_scalbn.c.obj</name>
      </input_file>
      <input_file id="fl-ea">
         <path>C:\ti\ccs1260\ccs\tools\compiler\ti-cgt-arm_20.2.7.LTS\lib\</path>
         <kind>archive</kind>
         <file>rtsv7M4_T_le_v4SPD16_eabi.lib</file>
         <name>fflush.c.obj</name>
      </input_file>
      <input_file id="fl-eb">
         <path>C:\ti\ccs1260\ccs\tools\compiler\ti-cgt-arm_20.2.7.LTS\lib\</path>
         <kind>archive</kind>
         <file>rtsv7M4_T_le_v4SPD16_eabi.lib</file>
         <name>fopen.c.obj</name>
      </input_file>
      <input_file id="fl-ec">
         <path>C:\ti\ccs1260\ccs\tools\compiler\ti-cgt-arm_20.2.7.LTS\lib\</path>
         <kind>archive</kind>
         <file>rtsv7M4_T_le_v4SPD16_eabi.lib</file>
         <name>fseek.c.obj</name>
      </input_file>
      <input_file id="fl-ed">
         <path>C:\ti\ccs1260\ccs\tools\compiler\ti-cgt-arm_20.2.7.LTS\lib\</path>
         <kind>archive</kind>
         <file>rtsv7M4_T_le_v4SPD16_eabi.lib</file>
         <name>div0.asm.obj</name>
      </input_file>
      <input_file id="fl-ee">
         <path>C:\ti\ccs1260\ccs\tools\compiler\ti-cgt-arm_20.2.7.LTS\lib\</path>
         <kind>archive</kind>
         <file>rtsv7M4_T_le_v4SPD16_eabi.lib</file>
         <name>autoinit.c.obj</name>
      </input_file>
      <input_file id="fl-ef">
         <path>C:\ti\ccs1260\ccs\tools\compiler\ti-cgt-arm_20.2.7.LTS\lib\</path>
         <kind>archive</kind>
         <file>rtsv7M4_T_le_v4SPD16_eabi.lib</file>
         <name>pre_init.c.obj</name>
      </input_file>
      <input_file id="fl-f0">
         <path>C:\ti\ccs1260\ccs\tools\compiler\ti-cgt-arm_20.2.7.LTS\lib\</path>
         <kind>archive</kind>
         <file>rtsv7M4_T_le_v4SPD16_eabi.lib</file>
         <name>cpy_tbl.c.obj</name>
      </input_file>
      <input_file id="fl-f1">
         <path>C:\ti\ccs1260\ccs\tools\compiler\ti-cgt-arm_20.2.7.LTS\lib\</path>
         <kind>archive</kind>
         <file>rtsv7M4_T_le_v4SPD16_eabi.lib</file>
         <name>args_main.c.obj</name>
      </input_file>
      <input_file id="fl-f2">
         <path>C:\ti\ccs1260\ccs\tools\compiler\ti-cgt-arm_20.2.7.LTS\lib\</path>
         <kind>archive</kind>
         <file>rtsv7M4_T_le_v4SPD16_eabi.lib</file>
         <name>hostclose.c.obj</name>
      </input_file>
      <input_file id="fl-f3">
         <path>C:\ti\ccs1260\ccs\tools\compiler\ti-cgt-arm_20.2.7.LTS\lib\</path>
         <kind>archive</kind>
         <file>rtsv7M4_T_le_v4SPD16_eabi.lib</file>
         <name>hostlseek.c.obj</name>
      </input_file>
      <input_file id="fl-f4">
         <path>C:\ti\ccs1260\ccs\tools\compiler\ti-cgt-arm_20.2.7.LTS\lib\</path>
         <kind>archive</kind>
         <file>rtsv7M4_T_le_v4SPD16_eabi.lib</file>
         <name>hostopen.c.obj</name>
      </input_file>
      <input_file id="fl-f5">
         <path>C:\ti\ccs1260\ccs\tools\compiler\ti-cgt-arm_20.2.7.LTS\lib\</path>
         <kind>archive</kind>
         <file>rtsv7M4_T_le_v4SPD16_eabi.lib</file>
         <name>hostread.c.obj</name>
      </input_file>
      <input_file id="fl-f6">
         <path>C:\ti\ccs1260\ccs\tools\compiler\ti-cgt-arm_20.2.7.LTS\lib\</path>
         <kind>archive</kind>
         <file>rtsv7M4_T_le_v4SPD16_eabi.lib</file>
         <name>hostrename.c.obj</name>
      </input_file>
      <input_file id="fl-f7">
         <path>C:\ti\ccs1260\ccs\tools\compiler\ti-cgt-arm_20.2.7.LTS\lib\</path>
         <kind>archive</kind>
         <file>rtsv7M4_T_le_v4SPD16_eabi.lib</file>
         <name>hostunlink.c.obj</name>
      </input_file>
      <input_file id="fl-f8">
         <path>C:\ti\ccs1260\ccs\tools\compiler\ti-cgt-arm_20.2.7.LTS\lib\</path>
         <kind>archive</kind>
         <file>rtsv7M4_T_le_v4SPD16_eabi.lib</file>
         <name>hostwrite.c.obj</name>
      </input_file>
      <input_file id="fl-f9">
         <path>C:\ti\ccs1260\ccs\tools\compiler\ti-cgt-arm_20.2.7.LTS\lib\</path>
         <kind>archive</kind>
         <file>rtsv7M4_T_le_v4SPD16_eabi.lib</file>
         <name>trgmsg.c.obj</name>
      </input_file>
      <input_file id="fl-fa">
         <path>C:\ti\ccs1260\ccs\tools\compiler\ti-cgt-arm_20.2.7.LTS\lib\</path>
         <kind>archive</kind>
         <file>rtsv7M4_T_le_v4SPD16_eabi.lib</file>
         <name>open.c.obj</name>
      </input_file>
      <input_file id="fl-fb">
         <path>C:\ti\ccs1260\ccs\tools\compiler\ti-cgt-arm_20.2.7.LTS\lib\</path>
         <kind>archive</kind>
         <file>rtsv7M4_T_le_v4SPD16_eabi.lib</file>
         <name>lseek.c.obj</name>
      </input_file>
      <input_file id="fl-fc">
         <path>C:\ti\ccs1260\ccs\tools\compiler\ti-cgt-arm_20.2.7.LTS\lib\</path>
         <kind>archive</kind>
         <file>rtsv7M4_T_le_v4SPD16_eabi.lib</file>
         <name>s_copysign.c.obj</name>
      </input_file>
      <input_file id="fl-fd">
         <path>C:\ti\ccs1260\ccs\tools\compiler\ti-cgt-arm_20.2.7.LTS\lib\</path>
         <kind>archive</kind>
         <file>rtsv7M4_T_le_v4SPD16_eabi.lib</file>
         <name>fclose.c.obj</name>
      </input_file>
      <input_file id="fl-fe">
         <path>C:\ti\ccs1260\ccs\tools\compiler\ti-cgt-arm_20.2.7.LTS\lib\</path>
         <kind>archive</kind>
         <file>rtsv7M4_T_le_v4SPD16_eabi.lib</file>
         <name>getdevice.c.obj</name>
      </input_file>
      <input_file id="fl-ff">
         <path>C:\ti\ccs1260\ccs\tools\compiler\ti-cgt-arm_20.2.7.LTS\lib\</path>
         <kind>archive</kind>
         <file>rtsv7M4_T_le_v4SPD16_eabi.lib</file>
         <name>strcpy.c.obj</name>
      </input_file>
      <input_file id="fl-100">
         <path>C:\ti\ccs1260\ccs\tools\compiler\ti-cgt-arm_20.2.7.LTS\lib\</path>
         <kind>archive</kind>
         <file>rtsv7M4_T_le_v4SPD16_eabi.lib</file>
         <name>strncpy.c.obj</name>
      </input_file>
      <input_file id="fl-101">
         <path>C:\ti\ccs1260\ccs\tools\compiler\ti-cgt-arm_20.2.7.LTS\lib\</path>
         <kind>archive</kind>
         <file>rtsv7M4_T_le_v4SPD16_eabi.lib</file>
         <name>remove.c.obj</name>
      </input_file>
      <input_file id="fl-102">
         <path>C:\ti\ccs1260\ccs\tools\compiler\ti-cgt-arm_20.2.7.LTS\lib\</path>
         <kind>archive</kind>
         <file>rtsv7M4_T_le_v4SPD16_eabi.lib</file>
         <name>close.c.obj</name>
      </input_file>
      <input_file id="fl-103">
         <path>C:\ti\ccs1260\ccs\tools\compiler\ti-cgt-arm_20.2.7.LTS\lib\</path>
         <kind>archive</kind>
         <file>rtsv7M4_T_le_v4SPD16_eabi.lib</file>
         <name>unlink.c.obj</name>
      </input_file>
   </input_file_list>
   <object_component_list>
      <object_component id="oc-12">
         <name>.intvecs</name>
         <load_address>0x0</load_address>
         <run_address>0x0</run_address>
         <size>0x26c</size>
         <input_file_ref idref="fl-7"/>
      </object_component>
      <object_component id="oc-30">
         <name>.text</name>
         <load_address>0x26c</load_address>
         <run_address>0x26c</run_address>
         <size>0xce8</size>
         <input_file_ref idref="fl-5"/>
      </object_component>
      <object_component id="oc-157">
         <name>.text</name>
         <load_address>0xf54</load_address>
         <run_address>0xf54</run_address>
         <size>0x66c</size>
         <input_file_ref idref="fl-8"/>
      </object_component>
      <object_component id="oc-bb">
         <name>.text</name>
         <load_address>0x15c0</load_address>
         <run_address>0x15c0</run_address>
         <size>0x1b6</size>
         <input_file_ref idref="fl-c9"/>
      </object_component>
      <object_component id="oc-b1">
         <name>.text</name>
         <load_address>0x1776</load_address>
         <run_address>0x1776</run_address>
         <size>0x136</size>
         <input_file_ref idref="fl-cb"/>
      </object_component>
      <object_component id="oc-ac">
         <name>.text</name>
         <load_address>0x18ac</load_address>
         <run_address>0x18ac</run_address>
         <size>0xfc</size>
         <input_file_ref idref="fl-cc"/>
      </object_component>
      <object_component id="oc-44">
         <name>.text</name>
         <load_address>0x19a8</load_address>
         <run_address>0x19a8</run_address>
         <size>0x9c</size>
         <input_file_ref idref="fl-d0"/>
      </object_component>
      <object_component id="oc-92">
         <name>.text:__aeabi_cdcmple</name>
         <load_address>0x1a44</load_address>
         <run_address>0x1a44</run_address>
         <size>0x86</size>
         <input_file_ref idref="fl-ca"/>
      </object_component>
      <object_component id="oc-8d">
         <name>.text:__aeabi_cdrcmple</name>
         <load_address>0x1aca</load_address>
         <run_address>0x1aca</run_address>
         <size>0x86</size>
         <input_file_ref idref="fl-ca"/>
      </object_component>
      <object_component id="oc-fd">
         <name>.text</name>
         <load_address>0x1b50</load_address>
         <run_address>0x1b50</run_address>
         <size>0x84</size>
         <input_file_ref idref="fl-4"/>
      </object_component>
      <object_component id="oc-15">
         <name>.text:decompress:lzss:__TI_decompress_lzss</name>
         <load_address>0x1bd4</load_address>
         <run_address>0x1bd4</run_address>
         <size>0x68</size>
         <input_file_ref idref="fl-d6"/>
      </object_component>
      <object_component id="oc-1a2">
         <name>.text:atoi</name>
         <load_address>0x1c3c</load_address>
         <run_address>0x1c3c</run_address>
         <size>0x4c</size>
         <input_file_ref idref="fl-da"/>
      </object_component>
      <object_component id="oc-c5">
         <name>.text</name>
         <load_address>0x1c88</load_address>
         <run_address>0x1c88</run_address>
         <size>0x48</size>
         <input_file_ref idref="fl-cd"/>
      </object_component>
      <object_component id="oc-16d">
         <name>.text:__TI_auto_init_nobinit_nopinit:__TI_auto_init_nobinit_nopinit</name>
         <load_address>0x1cd0</load_address>
         <run_address>0x1cd0</run_address>
         <size>0x44</size>
         <input_file_ref idref="fl-ee"/>
      </object_component>
      <object_component id="oc-b6">
         <name>.text</name>
         <load_address>0x1d14</load_address>
         <run_address>0x1d14</run_address>
         <size>0x44</size>
         <input_file_ref idref="fl-ce"/>
      </object_component>
      <object_component id="oc-62">
         <name>.text:_c_int00_noargs:_c_int00_noargs</name>
         <load_address>0x1d58</load_address>
         <run_address>0x1d58</run_address>
         <size>0x34</size>
         <input_file_ref idref="fl-e3"/>
      </object_component>
      <object_component id="oc-c0">
         <name>.text</name>
         <load_address>0x1d8c</load_address>
         <run_address>0x1d8c</run_address>
         <size>0x2e</size>
         <input_file_ref idref="fl-cf"/>
      </object_component>
      <object_component id="oc-97">
         <name>.text</name>
         <load_address>0x1dba</load_address>
         <run_address>0x1dba</run_address>
         <size>0x24</size>
         <input_file_ref idref="fl-9"/>
      </object_component>
      <object_component id="oc-88">
         <name>.text</name>
         <load_address>0x1dde</load_address>
         <run_address>0x1dde</run_address>
         <size>0x20</size>
         <input_file_ref idref="fl-d1"/>
      </object_component>
      <object_component id="oc-50">
         <name>.text:decompress:ZI:__TI_zero_init_nomemset:__TI_zero_init_nomemset</name>
         <load_address>0x1dfe</load_address>
         <run_address>0x1dfe</run_address>
         <size>0x1c</size>
         <input_file_ref idref="fl-d4"/>
      </object_component>
      <object_component id="oc-1a8">
         <name>.text:strcmp</name>
         <load_address>0x1e1a</load_address>
         <run_address>0x1e1a</run_address>
         <size>0x18</size>
         <input_file_ref idref="fl-e1"/>
      </object_component>
      <object_component id="oc-a5">
         <name>.text</name>
         <load_address>0x1e34</load_address>
         <run_address>0x1e34</run_address>
         <size>0x10</size>
         <input_file_ref idref="fl-2"/>
      </object_component>
      <object_component id="oc-1b">
         <name>.text:decompress:none:__TI_decompress_none</name>
         <load_address>0x1e44</load_address>
         <run_address>0x1e44</run_address>
         <size>0xe</size>
         <input_file_ref idref="fl-d5"/>
      </object_component>
      <object_component id="oc-2a">
         <name>.text</name>
         <load_address>0x1e52</load_address>
         <run_address>0x1e52</run_address>
         <size>0xc</size>
         <input_file_ref idref="fl-7"/>
      </object_component>
      <object_component id="oc-f7">
         <name>.text:_system_pre_init</name>
         <load_address>0x1e5e</load_address>
         <run_address>0x1e5e</run_address>
         <size>0x4</size>
         <input_file_ref idref="fl-ef"/>
      </object_component>
      <object_component id="oc-161">
         <name>.text:abort:abort</name>
         <load_address>0x1e62</load_address>
         <run_address>0x1e62</run_address>
         <size>0x4</size>
         <input_file_ref idref="fl-d7"/>
      </object_component>
      <object_component id="oc-1d9">
         <name>.const:.string:_ctypes_</name>
         <load_address>0x1e66</load_address>
         <run_address>0x1e66</run_address>
         <size>0x101</size>
         <input_file_ref idref="fl-db"/>
      </object_component>
      <object_component id="oc-244">
         <name>.cinit..data.load</name>
         <load_address>0x1f68</load_address>
         <run_address>0x1f68</run_address>
         <size>0xe</size>
      </object_component>
      <object_component id="oc-242">
         <name>__TI_handler_table</name>
         <load_address>0x1f78</load_address>
         <run_address>0x1f78</run_address>
         <size>0xc</size>
      </object_component>
      <object_component id="oc-245">
         <name>.cinit..bss.load</name>
         <load_address>0x1f88</load_address>
         <run_address>0x1f88</run_address>
         <size>0x8</size>
      </object_component>
      <object_component id="oc-243">
         <name>__TI_cinit_table</name>
         <load_address>0x1f90</load_address>
         <run_address>0x1f90</run_address>
         <size>0x10</size>
      </object_component>
      <object_component id="oc-15d">
         <name>.data</name>
         <load_address>0x200002d4</load_address>
         <run_address>0x200002d4</run_address>
         <size>0x8</size>
         <input_file_ref idref="fl-4"/>
      </object_component>
      <object_component id="oc-a2">
         <name>.data:time</name>
         <load_address>0x20000200</load_address>
         <run_address>0x20000200</run_address>
         <size>0xc8</size>
         <input_file_ref idref="fl-5"/>
      </object_component>
      <object_component id="oc-85">
         <name>.data</name>
         <load_address>0x200002c8</load_address>
         <run_address>0x200002c8</run_address>
         <size>0x9</size>
         <input_file_ref idref="fl-5"/>
      </object_component>
      <object_component id="oc-7b">
         <name>.common:leftcount</name>
         <uninitialized>true</uninitialized>
         <run_address>0x200002dc</run_address>
         <size>0x4</size>
      </object_component>
      <object_component id="oc-ab">
         <name>.common:rightcount</name>
         <uninitialized>true</uninitialized>
         <run_address>0x200002e4</run_address>
         <size>0x4</size>
      </object_component>
      <object_component id="oc-9f">
         <name>.common:DATA</name>
         <uninitialized>true</uninitialized>
         <run_address>0x200002ee</run_address>
         <size>0x1</size>
      </object_component>
      <object_component id="oc-a1">
         <name>.common:count</name>
         <uninitialized>true</uninitialized>
         <run_address>0x200002f0</run_address>
         <size>0x1</size>
      </object_component>
      <object_component id="oc-9d">
         <name>.common:ADDR</name>
         <uninitialized>true</uninitialized>
         <run_address>0x200002ec</run_address>
         <size>0x1</size>
      </object_component>
      <object_component id="oc-9e">
         <name>.common:ADDRNOT</name>
         <uninitialized>true</uninitialized>
         <run_address>0x200002ed</run_address>
         <size>0x1</size>
      </object_component>
      <object_component id="oc-a0">
         <name>.common:DATANOT</name>
         <uninitialized>true</uninitialized>
         <run_address>0x200002ef</run_address>
         <size>0x1</size>
      </object_component>
      <object_component id="oc-84">
         <name>.common:limit</name>
         <uninitialized>true</uninitialized>
         <run_address>0x200002e0</run_address>
         <size>0x4</size>
      </object_component>
      <object_component id="oc-1ae">
         <name>.common:temp</name>
         <uninitialized>true</uninitialized>
         <run_address>0x200002e8</run_address>
         <size>0x4</size>
      </object_component>
      <object_component id="oc-24">
         <name>.sysmem</name>
         <uninitialized>true</uninitialized>
         <run_address>0x200002f8</run_address>
         <size>0x10</size>
         <input_file_ref idref="fl-df"/>
      </object_component>
      <object_component id="oc-248">
         <name>.sysmem</name>
         <uninitialized>true</uninitialized>
         <run_address>0x200002f8</run_address>
         <size>0x0</size>
      </object_component>
      <object_component id="oc-27">
         <name>.stack</name>
         <uninitialized>true</uninitialized>
         <run_address>0x20000000</run_address>
         <size>0x4</size>
         <input_file_ref idref="fl-e3"/>
      </object_component>
      <object_component id="oc-247">
         <name>.stack</name>
         <uninitialized>true</uninitialized>
         <run_address>0x20000000</run_address>
         <size>0x0</size>
      </object_component>
      <object_component id="oc-146">
         <name>.debug_info</name>
         <load_address>0x0</load_address>
         <run_address>0x0</run_address>
         <size>0x29a</size>
         <input_file_ref idref="fl-2"/>
      </object_component>
      <object_component id="oc-a9">
         <name>.debug_info</name>
         <load_address>0x29a</load_address>
         <run_address>0x29a</run_address>
         <size>0x157</size>
         <input_file_ref idref="fl-2"/>
      </object_component>
      <object_component id="oc-d7">
         <name>.debug_info</name>
         <load_address>0x3f1</load_address>
         <run_address>0x3f1</run_address>
         <size>0x26b</size>
         <input_file_ref idref="fl-2"/>
      </object_component>
      <object_component id="oc-3f">
         <name>.debug_info</name>
         <load_address>0x65c</load_address>
         <run_address>0x65c</run_address>
         <size>0x84</size>
         <input_file_ref idref="fl-2"/>
      </object_component>
      <object_component id="oc-141">
         <name>.debug_info</name>
         <load_address>0x6e0</load_address>
         <run_address>0x6e0</run_address>
         <size>0x2a4</size>
         <input_file_ref idref="fl-2"/>
      </object_component>
      <object_component id="oc-cb">
         <name>.debug_info</name>
         <load_address>0x984</load_address>
         <run_address>0x984</run_address>
         <size>0xbb</size>
         <input_file_ref idref="fl-2"/>
      </object_component>
      <object_component id="oc-19f">
         <name>.debug_info</name>
         <load_address>0xa3f</load_address>
         <run_address>0xa3f</run_address>
         <size>0x355</size>
         <input_file_ref idref="fl-3"/>
      </object_component>
      <object_component id="oc-11d">
         <name>.debug_info</name>
         <load_address>0xd94</load_address>
         <run_address>0xd94</run_address>
         <size>0x94</size>
         <input_file_ref idref="fl-3"/>
      </object_component>
      <object_component id="oc-1d4">
         <name>.debug_info</name>
         <load_address>0xe28</load_address>
         <run_address>0xe28</run_address>
         <size>0xcc</size>
         <input_file_ref idref="fl-3"/>
      </object_component>
      <object_component id="oc-7c">
         <name>.debug_info</name>
         <load_address>0xef4</load_address>
         <run_address>0xef4</run_address>
         <size>0x4d5</size>
         <input_file_ref idref="fl-4"/>
      </object_component>
      <object_component id="oc-15e">
         <name>.debug_info</name>
         <load_address>0x13c9</load_address>
         <run_address>0x13c9</run_address>
         <size>0x11b</size>
         <input_file_ref idref="fl-4"/>
      </object_component>
      <object_component id="oc-fe">
         <name>.debug_info</name>
         <load_address>0x14e4</load_address>
         <run_address>0x14e4</run_address>
         <size>0x218</size>
         <input_file_ref idref="fl-4"/>
      </object_component>
      <object_component id="oc-122">
         <name>.debug_info</name>
         <load_address>0x16fc</load_address>
         <run_address>0x16fc</run_address>
         <size>0x8a</size>
         <input_file_ref idref="fl-4"/>
      </object_component>
      <object_component id="oc-d0">
         <name>.debug_info</name>
         <load_address>0x1786</load_address>
         <run_address>0x1786</run_address>
         <size>0x8b</size>
         <input_file_ref idref="fl-4"/>
      </object_component>
      <object_component id="oc-127">
         <name>.debug_info</name>
         <load_address>0x1811</load_address>
         <run_address>0x1811</run_address>
         <size>0x35</size>
         <input_file_ref idref="fl-4"/>
      </object_component>
      <object_component id="oc-7e">
         <name>.debug_info</name>
         <load_address>0x1846</load_address>
         <run_address>0x1846</run_address>
         <size>0x4aa</size>
         <input_file_ref idref="fl-5"/>
      </object_component>
      <object_component id="oc-a3">
         <name>.debug_info</name>
         <load_address>0x1cf0</load_address>
         <run_address>0x1cf0</run_address>
         <size>0x10a</size>
         <input_file_ref idref="fl-5"/>
      </object_component>
      <object_component id="oc-86">
         <name>.debug_info</name>
         <load_address>0x1dfa</load_address>
         <run_address>0x1dfa</run_address>
         <size>0x154</size>
         <input_file_ref idref="fl-5"/>
      </object_component>
      <object_component id="oc-32">
         <name>.debug_info</name>
         <load_address>0x1f4e</load_address>
         <run_address>0x1f4e</run_address>
         <size>0x1014</size>
         <input_file_ref idref="fl-5"/>
      </object_component>
      <object_component id="oc-80">
         <name>.debug_info</name>
         <load_address>0x2f62</load_address>
         <run_address>0x2f62</run_address>
         <size>0x1c8</size>
         <input_file_ref idref="fl-6"/>
      </object_component>
      <object_component id="oc-38">
         <name>.debug_info</name>
         <load_address>0x312a</load_address>
         <run_address>0x312a</run_address>
         <size>0x393</size>
         <input_file_ref idref="fl-7"/>
      </object_component>
      <object_component id="oc-13">
         <name>.debug_info</name>
         <load_address>0x34bd</load_address>
         <run_address>0x34bd</run_address>
         <size>0x12a</size>
         <input_file_ref idref="fl-7"/>
      </object_component>
      <object_component id="oc-2b">
         <name>.debug_info</name>
         <load_address>0x35e7</load_address>
         <run_address>0x35e7</run_address>
         <size>0x2a6</size>
         <input_file_ref idref="fl-7"/>
      </object_component>
      <object_component id="oc-82">
         <name>.debug_info</name>
         <load_address>0x388d</load_address>
         <run_address>0x388d</run_address>
         <size>0x492</size>
         <input_file_ref idref="fl-8"/>
      </object_component>
      <object_component id="oc-158">
         <name>.debug_info</name>
         <load_address>0x3d1f</load_address>
         <run_address>0x3d1f</run_address>
         <size>0xb06</size>
         <input_file_ref idref="fl-8"/>
      </object_component>
      <object_component id="oc-9b">
         <name>.debug_info</name>
         <load_address>0x4825</load_address>
         <run_address>0x4825</run_address>
         <size>0x161</size>
         <input_file_ref idref="fl-9"/>
      </object_component>
      <object_component id="oc-14e">
         <name>.debug_info</name>
         <load_address>0x4986</load_address>
         <run_address>0x4986</run_address>
         <size>0x2c</size>
         <input_file_ref idref="fl-c6"/>
      </object_component>
      <object_component id="oc-bd">
         <name>.debug_info</name>
         <load_address>0x49b2</load_address>
         <run_address>0x49b2</run_address>
         <size>0x14c</size>
         <input_file_ref idref="fl-c9"/>
      </object_component>
      <object_component id="oc-95">
         <name>.debug_info</name>
         <load_address>0x4afe</load_address>
         <run_address>0x4afe</run_address>
         <size>0x128</size>
         <input_file_ref idref="fl-ca"/>
      </object_component>
      <object_component id="oc-8e">
         <name>.debug_info</name>
         <load_address>0x4c26</load_address>
         <run_address>0x4c26</run_address>
         <size>0x12a</size>
         <input_file_ref idref="fl-ca"/>
      </object_component>
      <object_component id="oc-b2">
         <name>.debug_info</name>
         <load_address>0x4d50</load_address>
         <run_address>0x4d50</run_address>
         <size>0x13a</size>
         <input_file_ref idref="fl-cb"/>
      </object_component>
      <object_component id="oc-ad">
         <name>.debug_info</name>
         <load_address>0x4e8a</load_address>
         <run_address>0x4e8a</run_address>
         <size>0x13a</size>
         <input_file_ref idref="fl-cc"/>
      </object_component>
      <object_component id="oc-c6">
         <name>.debug_info</name>
         <load_address>0x4fc4</load_address>
         <run_address>0x4fc4</run_address>
         <size>0x12e</size>
         <input_file_ref idref="fl-cd"/>
      </object_component>
      <object_component id="oc-b8">
         <name>.debug_info</name>
         <load_address>0x50f2</load_address>
         <run_address>0x50f2</run_address>
         <size>0x139</size>
         <input_file_ref idref="fl-ce"/>
      </object_component>
      <object_component id="oc-c2">
         <name>.debug_info</name>
         <load_address>0x522b</load_address>
         <run_address>0x522b</run_address>
         <size>0x12c</size>
         <input_file_ref idref="fl-cf"/>
      </object_component>
      <object_component id="oc-46">
         <name>.debug_info</name>
         <load_address>0x5357</load_address>
         <run_address>0x5357</run_address>
         <size>0x119</size>
         <input_file_ref idref="fl-d0"/>
      </object_component>
      <object_component id="oc-8b">
         <name>.debug_info</name>
         <load_address>0x5470</load_address>
         <run_address>0x5470</run_address>
         <size>0x12e</size>
         <input_file_ref idref="fl-d1"/>
      </object_component>
      <object_component id="oc-f0">
         <name>.debug_info</name>
         <load_address>0x559e</load_address>
         <run_address>0x559e</run_address>
         <size>0x2d4</size>
         <input_file_ref idref="fl-d4"/>
      </object_component>
      <object_component id="oc-52">
         <name>.debug_info</name>
         <load_address>0x5872</load_address>
         <run_address>0x5872</run_address>
         <size>0x1d2</size>
         <input_file_ref idref="fl-d4"/>
      </object_component>
      <object_component id="oc-eb">
         <name>.debug_info</name>
         <load_address>0x5a44</load_address>
         <run_address>0x5a44</run_address>
         <size>0x46</size>
         <input_file_ref idref="fl-d4"/>
      </object_component>
      <object_component id="oc-4f">
         <name>.debug_info</name>
         <load_address>0x5a8a</load_address>
         <run_address>0x5a8a</run_address>
         <size>0x2a8</size>
         <input_file_ref idref="fl-d5"/>
      </object_component>
      <object_component id="oc-1f">
         <name>.debug_info</name>
         <load_address>0x5d32</load_address>
         <run_address>0x5d32</run_address>
         <size>0x1ea</size>
         <input_file_ref idref="fl-d5"/>
      </object_component>
      <object_component id="oc-4a">
         <name>.debug_info</name>
         <load_address>0x5f1c</load_address>
         <run_address>0x5f1c</run_address>
         <size>0x46</size>
         <input_file_ref idref="fl-d5"/>
      </object_component>
      <object_component id="oc-e3">
         <name>.debug_info</name>
         <load_address>0x5f62</load_address>
         <run_address>0x5f62</run_address>
         <size>0x2c</size>
         <input_file_ref idref="fl-d5"/>
      </object_component>
      <object_component id="oc-e1">
         <name>.debug_info</name>
         <load_address>0x5f8e</load_address>
         <run_address>0x5f8e</run_address>
         <size>0x29e</size>
         <input_file_ref idref="fl-d6"/>
      </object_component>
      <object_component id="oc-19">
         <name>.debug_info</name>
         <load_address>0x622c</load_address>
         <run_address>0x622c</run_address>
         <size>0x250</size>
         <input_file_ref idref="fl-d6"/>
      </object_component>
      <object_component id="oc-3a">
         <name>.debug_info</name>
         <load_address>0x647c</load_address>
         <run_address>0x647c</run_address>
         <size>0x60</size>
         <input_file_ref idref="fl-d6"/>
      </object_component>
      <object_component id="oc-147">
         <name>.debug_info</name>
         <load_address>0x64dc</load_address>
         <run_address>0x64dc</run_address>
         <size>0x46</size>
         <input_file_ref idref="fl-d6"/>
      </object_component>
      <object_component id="oc-dc">
         <name>.debug_info</name>
         <load_address>0x6522</load_address>
         <run_address>0x6522</run_address>
         <size>0x39</size>
         <input_file_ref idref="fl-d6"/>
      </object_component>
      <object_component id="oc-164">
         <name>.debug_info</name>
         <load_address>0x655b</load_address>
         <run_address>0x655b</run_address>
         <size>0x122</size>
         <input_file_ref idref="fl-d7"/>
      </object_component>
      <object_component id="oc-1dd">
         <name>.debug_info</name>
         <load_address>0x667d</load_address>
         <run_address>0x667d</run_address>
         <size>0x2b9</size>
         <input_file_ref idref="fl-da"/>
      </object_component>
      <object_component id="oc-1a3">
         <name>.debug_info</name>
         <load_address>0x6936</load_address>
         <run_address>0x6936</run_address>
         <size>0x17c</size>
         <input_file_ref idref="fl-da"/>
      </object_component>
      <object_component id="oc-203">
         <name>.debug_info</name>
         <load_address>0x6ab2</load_address>
         <run_address>0x6ab2</run_address>
         <size>0xf9</size>
         <input_file_ref idref="fl-db"/>
      </object_component>
      <object_component id="oc-1da">
         <name>.debug_info</name>
         <load_address>0x6bab</load_address>
         <run_address>0x6bab</run_address>
         <size>0x105</size>
         <input_file_ref idref="fl-db"/>
      </object_component>
      <object_component id="oc-76">
         <name>.debug_info</name>
         <load_address>0x6cb0</load_address>
         <run_address>0x6cb0</run_address>
         <size>0x3b2</size>
         <input_file_ref idref="fl-df"/>
      </object_component>
      <object_component id="oc-25">
         <name>.debug_info</name>
         <load_address>0x7062</load_address>
         <run_address>0x7062</run_address>
         <size>0x10c</size>
         <input_file_ref idref="fl-df"/>
      </object_component>
      <object_component id="oc-116">
         <name>.debug_info</name>
         <load_address>0x716e</load_address>
         <run_address>0x716e</run_address>
         <size>0xb2</size>
         <input_file_ref idref="fl-df"/>
      </object_component>
      <object_component id="oc-111">
         <name>.debug_info</name>
         <load_address>0x7220</load_address>
         <run_address>0x7220</run_address>
         <size>0x2c</size>
         <input_file_ref idref="fl-df"/>
      </object_component>
      <object_component id="oc-1df">
         <name>.debug_info</name>
         <load_address>0x724c</load_address>
         <run_address>0x724c</run_address>
         <size>0x28a</size>
         <input_file_ref idref="fl-e1"/>
      </object_component>
      <object_component id="oc-1a9">
         <name>.debug_info</name>
         <load_address>0x74d6</load_address>
         <run_address>0x74d6</run_address>
         <size>0x273</size>
         <input_file_ref idref="fl-e1"/>
      </object_component>
      <object_component id="oc-28">
         <name>.debug_info</name>
         <load_address>0x7749</load_address>
         <run_address>0x7749</run_address>
         <size>0x10b</size>
         <input_file_ref idref="fl-e3"/>
      </object_component>
      <object_component id="oc-63">
         <name>.debug_info</name>
         <load_address>0x7854</load_address>
         <run_address>0x7854</run_address>
         <size>0x1a9</size>
         <input_file_ref idref="fl-e3"/>
      </object_component>
      <object_component id="oc-1bd">
         <name>.debug_info</name>
         <load_address>0x79fd</load_address>
         <run_address>0x79fd</run_address>
         <size>0x4b3</size>
         <input_file_ref idref="fl-ee"/>
      </object_component>
      <object_component id="oc-16e">
         <name>.debug_info</name>
         <load_address>0x7eb0</load_address>
         <run_address>0x7eb0</run_address>
         <size>0x1a6</size>
         <input_file_ref idref="fl-ee"/>
      </object_component>
      <object_component id="oc-1f0">
         <name>.debug_info</name>
         <load_address>0x8056</load_address>
         <run_address>0x8056</run_address>
         <size>0x39</size>
         <input_file_ref idref="fl-ee"/>
      </object_component>
      <object_component id="oc-20b">
         <name>.debug_info</name>
         <load_address>0x808f</load_address>
         <run_address>0x808f</run_address>
         <size>0x39</size>
         <input_file_ref idref="fl-ee"/>
      </object_component>
      <object_component id="oc-1f5">
         <name>.debug_info</name>
         <load_address>0x80c8</load_address>
         <run_address>0x80c8</run_address>
         <size>0x39</size>
         <input_file_ref idref="fl-ee"/>
      </object_component>
      <object_component id="oc-1fa">
         <name>.debug_info</name>
         <load_address>0x8101</load_address>
         <run_address>0x8101</run_address>
         <size>0xcd</size>
         <input_file_ref idref="fl-ee"/>
      </object_component>
      <object_component id="oc-fa">
         <name>.debug_info</name>
         <load_address>0x81ce</load_address>
         <run_address>0x81ce</run_address>
         <size>0x153</size>
         <input_file_ref idref="fl-ef"/>
      </object_component>
      <object_component id="oc-249">
         <name>.debug_info</name>
         <load_address>0x8321</load_address>
         <run_address>0x8321</run_address>
         <size>0xdd</size>
      </object_component>
      <object_component id="oc-1a1">
         <name>.debug_line</name>
         <load_address>0x0</load_address>
         <run_address>0x0</run_address>
         <size>0x20</size>
         <input_file_ref idref="fl-2"/>
      </object_component>
      <object_component id="oc-a7">
         <name>.debug_line</name>
         <load_address>0x20</load_address>
         <run_address>0x20</run_address>
         <size>0x43</size>
         <input_file_ref idref="fl-2"/>
      </object_component>
      <object_component id="oc-da">
         <name>.debug_line</name>
         <load_address>0x63</load_address>
         <run_address>0x63</run_address>
         <size>0x6f</size>
         <input_file_ref idref="fl-2"/>
      </object_component>
      <object_component id="oc-42">
         <name>.debug_line</name>
         <load_address>0xd2</load_address>
         <run_address>0xd2</run_address>
         <size>0x20</size>
         <input_file_ref idref="fl-2"/>
      </object_component>
      <object_component id="oc-144">
         <name>.debug_line</name>
         <load_address>0xf2</load_address>
         <run_address>0xf2</run_address>
         <size>0x73</size>
         <input_file_ref idref="fl-2"/>
      </object_component>
      <object_component id="oc-ce">
         <name>.debug_line</name>
         <load_address>0x165</load_address>
         <run_address>0x165</run_address>
         <size>0x70</size>
         <input_file_ref idref="fl-2"/>
      </object_component>
      <object_component id="oc-1d3">
         <name>.debug_line</name>
         <load_address>0x1d5</load_address>
         <run_address>0x1d5</run_address>
         <size>0xb5</size>
         <input_file_ref idref="fl-3"/>
      </object_component>
      <object_component id="oc-120">
         <name>.debug_line</name>
         <load_address>0x28a</load_address>
         <run_address>0x28a</run_address>
         <size>0x34</size>
         <input_file_ref idref="fl-3"/>
      </object_component>
      <object_component id="oc-1d7">
         <name>.debug_line</name>
         <load_address>0x2be</load_address>
         <run_address>0x2be</run_address>
         <size>0x6a</size>
         <input_file_ref idref="fl-3"/>
      </object_component>
      <object_component id="oc-11c">
         <name>.debug_line</name>
         <load_address>0x328</load_address>
         <run_address>0x328</run_address>
         <size>0x4c</size>
         <input_file_ref idref="fl-4"/>
      </object_component>
      <object_component id="oc-1b1">
         <name>.debug_line</name>
         <load_address>0x374</load_address>
         <run_address>0x374</run_address>
         <size>0x2d</size>
         <input_file_ref idref="fl-4"/>
      </object_component>
      <object_component id="oc-101">
         <name>.debug_line</name>
         <load_address>0x3a1</load_address>
         <run_address>0x3a1</run_address>
         <size>0x67</size>
         <input_file_ref idref="fl-4"/>
      </object_component>
      <object_component id="oc-125">
         <name>.debug_line</name>
         <load_address>0x408</load_address>
         <run_address>0x408</run_address>
         <size>0x2e</size>
         <input_file_ref idref="fl-4"/>
      </object_component>
      <object_component id="oc-d3">
         <name>.debug_line</name>
         <load_address>0x436</load_address>
         <run_address>0x436</run_address>
         <size>0x20</size>
         <input_file_ref idref="fl-4"/>
      </object_component>
      <object_component id="oc-12a">
         <name>.debug_line</name>
         <load_address>0x456</load_address>
         <run_address>0x456</run_address>
         <size>0x74</size>
         <input_file_ref idref="fl-4"/>
      </object_component>
      <object_component id="oc-12d">
         <name>.debug_line</name>
         <load_address>0x4ca</load_address>
         <run_address>0x4ca</run_address>
         <size>0x5d</size>
         <input_file_ref idref="fl-5"/>
      </object_component>
      <object_component id="oc-139">
         <name>.debug_line</name>
         <load_address>0x527</load_address>
         <run_address>0x527</run_address>
         <size>0x31</size>
         <input_file_ref idref="fl-5"/>
      </object_component>
      <object_component id="oc-133">
         <name>.debug_line</name>
         <load_address>0x558</load_address>
         <run_address>0x558</run_address>
         <size>0x31</size>
         <input_file_ref idref="fl-5"/>
      </object_component>
      <object_component id="oc-35">
         <name>.debug_line</name>
         <load_address>0x589</load_address>
         <run_address>0x589</run_address>
         <size>0x42a</size>
         <input_file_ref idref="fl-5"/>
      </object_component>
      <object_component id="oc-12f">
         <name>.debug_line</name>
         <load_address>0x9b3</load_address>
         <run_address>0x9b3</run_address>
         <size>0x31</size>
         <input_file_ref idref="fl-6"/>
      </object_component>
      <object_component id="oc-d6">
         <name>.debug_line</name>
         <load_address>0x9e4</load_address>
         <run_address>0x9e4</run_address>
         <size>0x41</size>
         <input_file_ref idref="fl-7"/>
      </object_component>
      <object_component id="oc-37">
         <name>.debug_line</name>
         <load_address>0xa25</load_address>
         <run_address>0xa25</run_address>
         <size>0x41</size>
         <input_file_ref idref="fl-7"/>
      </object_component>
      <object_component id="oc-2e">
         <name>.debug_line</name>
         <load_address>0xa66</load_address>
         <run_address>0xa66</run_address>
         <size>0xa1</size>
         <input_file_ref idref="fl-7"/>
      </object_component>
      <object_component id="oc-131">
         <name>.debug_line</name>
         <load_address>0xb07</load_address>
         <run_address>0xb07</run_address>
         <size>0xd5</size>
         <input_file_ref idref="fl-8"/>
      </object_component>
      <object_component id="oc-15c">
         <name>.debug_line</name>
         <load_address>0xbdc</load_address>
         <run_address>0xbdc</run_address>
         <size>0x2fe</size>
         <input_file_ref idref="fl-8"/>
      </object_component>
      <object_component id="oc-9a">
         <name>.debug_line</name>
         <load_address>0xeda</load_address>
         <run_address>0xeda</run_address>
         <size>0x52</size>
         <input_file_ref idref="fl-9"/>
      </object_component>
      <object_component id="oc-151">
         <name>.debug_line</name>
         <load_address>0xf2c</load_address>
         <run_address>0xf2c</run_address>
         <size>0x92</size>
         <input_file_ref idref="fl-c6"/>
      </object_component>
      <object_component id="oc-bf">
         <name>.debug_line</name>
         <load_address>0xfbe</load_address>
         <run_address>0xfbe</run_address>
         <size>0xd2</size>
         <input_file_ref idref="fl-c9"/>
      </object_component>
      <object_component id="oc-93">
         <name>.debug_line</name>
         <load_address>0x1090</load_address>
         <run_address>0x1090</run_address>
         <size>0x77</size>
         <input_file_ref idref="fl-ca"/>
      </object_component>
      <object_component id="oc-91">
         <name>.debug_line</name>
         <load_address>0x1107</load_address>
         <run_address>0x1107</run_address>
         <size>0x77</size>
         <input_file_ref idref="fl-ca"/>
      </object_component>
      <object_component id="oc-b5">
         <name>.debug_line</name>
         <load_address>0x117e</load_address>
         <run_address>0x117e</run_address>
         <size>0xa8</size>
         <input_file_ref idref="fl-cb"/>
      </object_component>
      <object_component id="oc-b0">
         <name>.debug_line</name>
         <load_address>0x1226</load_address>
         <run_address>0x1226</run_address>
         <size>0x8e</size>
         <input_file_ref idref="fl-cc"/>
      </object_component>
      <object_component id="oc-c9">
         <name>.debug_line</name>
         <load_address>0x12b4</load_address>
         <run_address>0x12b4</run_address>
         <size>0x5a</size>
         <input_file_ref idref="fl-cd"/>
      </object_component>
      <object_component id="oc-b7">
         <name>.debug_line</name>
         <load_address>0x130e</load_address>
         <run_address>0x130e</run_address>
         <size>0x59</size>
         <input_file_ref idref="fl-ce"/>
      </object_component>
      <object_component id="oc-c4">
         <name>.debug_line</name>
         <load_address>0x1367</load_address>
         <run_address>0x1367</run_address>
         <size>0x50</size>
         <input_file_ref idref="fl-cf"/>
      </object_component>
      <object_component id="oc-45">
         <name>.debug_line</name>
         <load_address>0x13b7</load_address>
         <run_address>0x13b7</run_address>
         <size>0x88</size>
         <input_file_ref idref="fl-d0"/>
      </object_component>
      <object_component id="oc-89">
         <name>.debug_line</name>
         <load_address>0x143f</load_address>
         <run_address>0x143f</run_address>
         <size>0x4c</size>
         <input_file_ref idref="fl-d1"/>
      </object_component>
      <object_component id="oc-154">
         <name>.debug_line</name>
         <load_address>0x148b</load_address>
         <run_address>0x148b</run_address>
         <size>0x92</size>
         <input_file_ref idref="fl-d4"/>
      </object_component>
      <object_component id="oc-54">
         <name>.debug_line</name>
         <load_address>0x151d</load_address>
         <run_address>0x151d</run_address>
         <size>0x4c</size>
         <input_file_ref idref="fl-d4"/>
      </object_component>
      <object_component id="oc-ee">
         <name>.debug_line</name>
         <load_address>0x1569</load_address>
         <run_address>0x1569</run_address>
         <size>0x34</size>
         <input_file_ref idref="fl-d4"/>
      </object_component>
      <object_component id="oc-e9">
         <name>.debug_line</name>
         <load_address>0x159d</load_address>
         <run_address>0x159d</run_address>
         <size>0x20</size>
         <input_file_ref idref="fl-d5"/>
      </object_component>
      <object_component id="oc-1c">
         <name>.debug_line</name>
         <load_address>0x15bd</load_address>
         <run_address>0x15bd</run_address>
         <size>0x55</size>
         <input_file_ref idref="fl-d5"/>
      </object_component>
      <object_component id="oc-4d">
         <name>.debug_line</name>
         <load_address>0x1612</load_address>
         <run_address>0x1612</run_address>
         <size>0x3a</size>
         <input_file_ref idref="fl-d5"/>
      </object_component>
      <object_component id="oc-e6">
         <name>.debug_line</name>
         <load_address>0x164c</load_address>
         <run_address>0x164c</run_address>
         <size>0x92</size>
         <input_file_ref idref="fl-d5"/>
      </object_component>
      <object_component id="oc-14d">
         <name>.debug_line</name>
         <load_address>0x16de</load_address>
         <run_address>0x16de</run_address>
         <size>0x20</size>
         <input_file_ref idref="fl-d6"/>
      </object_component>
      <object_component id="oc-16">
         <name>.debug_line</name>
         <load_address>0x16fe</load_address>
         <run_address>0x16fe</run_address>
         <size>0xa9</size>
         <input_file_ref idref="fl-d6"/>
      </object_component>
      <object_component id="oc-3d">
         <name>.debug_line</name>
         <load_address>0x17a7</load_address>
         <run_address>0x17a7</run_address>
         <size>0x3a</size>
         <input_file_ref idref="fl-d6"/>
      </object_component>
      <object_component id="oc-14a">
         <name>.debug_line</name>
         <load_address>0x17e1</load_address>
         <run_address>0x17e1</run_address>
         <size>0x9a</size>
         <input_file_ref idref="fl-d6"/>
      </object_component>
      <object_component id="oc-df">
         <name>.debug_line</name>
         <load_address>0x187b</load_address>
         <run_address>0x187b</run_address>
         <size>0x96</size>
         <input_file_ref idref="fl-d6"/>
      </object_component>
      <object_component id="oc-166">
         <name>.debug_line</name>
         <load_address>0x1911</load_address>
         <run_address>0x1911</run_address>
         <size>0x3c</size>
         <input_file_ref idref="fl-d7"/>
      </object_component>
      <object_component id="oc-205">
         <name>.debug_line</name>
         <load_address>0x194d</load_address>
         <run_address>0x194d</run_address>
         <size>0x91</size>
         <input_file_ref idref="fl-da"/>
      </object_component>
      <object_component id="oc-1a6">
         <name>.debug_line</name>
         <load_address>0x19de</load_address>
         <run_address>0x19de</run_address>
         <size>0x62</size>
         <input_file_ref idref="fl-da"/>
      </object_component>
      <object_component id="oc-218">
         <name>.debug_line</name>
         <load_address>0x1a40</load_address>
         <run_address>0x1a40</run_address>
         <size>0x20</size>
         <input_file_ref idref="fl-db"/>
      </object_component>
      <object_component id="oc-202">
         <name>.debug_line</name>
         <load_address>0x1a60</load_address>
         <run_address>0x1a60</run_address>
         <size>0x2b</size>
         <input_file_ref idref="fl-db"/>
      </object_component>
      <object_component id="oc-110">
         <name>.debug_line</name>
         <load_address>0x1a8b</load_address>
         <run_address>0x1a8b</run_address>
         <size>0x10f</size>
         <input_file_ref idref="fl-df"/>
      </object_component>
      <object_component id="oc-75">
         <name>.debug_line</name>
         <load_address>0x1b9a</load_address>
         <run_address>0x1b9a</run_address>
         <size>0x2c</size>
         <input_file_ref idref="fl-df"/>
      </object_component>
      <object_component id="oc-119">
         <name>.debug_line</name>
         <load_address>0x1bc6</load_address>
         <run_address>0x1bc6</run_address>
         <size>0x2c</size>
         <input_file_ref idref="fl-df"/>
      </object_component>
      <object_component id="oc-114">
         <name>.debug_line</name>
         <load_address>0x1bf2</load_address>
         <run_address>0x1bf2</run_address>
         <size>0x92</size>
         <input_file_ref idref="fl-df"/>
      </object_component>
      <object_component id="oc-207">
         <name>.debug_line</name>
         <load_address>0x1c84</load_address>
         <run_address>0x1c84</run_address>
         <size>0x20</size>
         <input_file_ref idref="fl-e1"/>
      </object_component>
      <object_component id="oc-1ac">
         <name>.debug_line</name>
         <load_address>0x1ca4</load_address>
         <run_address>0x1ca4</run_address>
         <size>0xad</size>
         <input_file_ref idref="fl-e1"/>
      </object_component>
      <object_component id="oc-79">
         <name>.debug_line</name>
         <load_address>0x1d51</load_address>
         <run_address>0x1d51</run_address>
         <size>0x33</size>
         <input_file_ref idref="fl-e3"/>
      </object_component>
      <object_component id="oc-66">
         <name>.debug_line</name>
         <load_address>0x1d84</load_address>
         <run_address>0x1d84</run_address>
         <size>0x45</size>
         <input_file_ref idref="fl-e3"/>
      </object_component>
      <object_component id="oc-1ef">
         <name>.debug_line</name>
         <load_address>0x1dc9</load_address>
         <run_address>0x1dc9</run_address>
         <size>0xbf</size>
         <input_file_ref idref="fl-ee"/>
      </object_component>
      <object_component id="oc-171">
         <name>.debug_line</name>
         <load_address>0x1e88</load_address>
         <run_address>0x1e88</run_address>
         <size>0x6f</size>
         <input_file_ref idref="fl-ee"/>
      </object_component>
      <object_component id="oc-1f3">
         <name>.debug_line</name>
         <load_address>0x1ef7</load_address>
         <run_address>0x1ef7</run_address>
         <size>0x2e</size>
         <input_file_ref idref="fl-ee"/>
      </object_component>
      <object_component id="oc-20e">
         <name>.debug_line</name>
         <load_address>0x1f25</load_address>
         <run_address>0x1f25</run_address>
         <size>0x9a</size>
         <input_file_ref idref="fl-ee"/>
      </object_component>
      <object_component id="oc-1f8">
         <name>.debug_line</name>
         <load_address>0x1fbf</load_address>
         <run_address>0x1fbf</run_address>
         <size>0x97</size>
         <input_file_ref idref="fl-ee"/>
      </object_component>
      <object_component id="oc-1fd">
         <name>.debug_line</name>
         <load_address>0x2056</load_address>
         <run_address>0x2056</run_address>
         <size>0x93</size>
         <input_file_ref idref="fl-ee"/>
      </object_component>
      <object_component id="oc-fc">
         <name>.debug_line</name>
         <load_address>0x20e9</load_address>
         <run_address>0x20e9</run_address>
         <size>0x40</size>
         <input_file_ref idref="fl-ef"/>
      </object_component>
      <object_component id="oc-a8">
         <name>.debug_frame</name>
         <load_address>0x0</load_address>
         <run_address>0x0</run_address>
         <size>0x54</size>
         <input_file_ref idref="fl-2"/>
      </object_component>
      <object_component id="oc-102">
         <name>.debug_frame</name>
         <load_address>0x54</load_address>
         <run_address>0x54</run_address>
         <size>0x5c</size>
         <input_file_ref idref="fl-4"/>
      </object_component>
      <object_component id="oc-31">
         <name>.debug_frame</name>
         <load_address>0xb0</load_address>
         <run_address>0xb0</run_address>
         <size>0x22c</size>
         <input_file_ref idref="fl-5"/>
      </object_component>
      <object_component id="oc-2f">
         <name>.debug_frame</name>
         <load_address>0x2dc</load_address>
         <run_address>0x2dc</run_address>
         <size>0x90</size>
         <input_file_ref idref="fl-7"/>
      </object_component>
      <object_component id="oc-15b">
         <name>.debug_frame</name>
         <load_address>0x36c</load_address>
         <run_address>0x36c</run_address>
         <size>0x168</size>
         <input_file_ref idref="fl-8"/>
      </object_component>
      <object_component id="oc-99">
         <name>.debug_frame</name>
         <load_address>0x4d4</load_address>
         <run_address>0x4d4</run_address>
         <size>0x58</size>
         <input_file_ref idref="fl-9"/>
      </object_component>
      <object_component id="oc-55">
         <name>.debug_frame</name>
         <load_address>0x52c</load_address>
         <run_address>0x52c</run_address>
         <size>0x54</size>
         <input_file_ref idref="fl-d4"/>
      </object_component>
      <object_component id="oc-1d">
         <name>.debug_frame</name>
         <load_address>0x580</load_address>
         <run_address>0x580</run_address>
         <size>0x54</size>
         <input_file_ref idref="fl-d5"/>
      </object_component>
      <object_component id="oc-17">
         <name>.debug_frame</name>
         <load_address>0x5d4</load_address>
         <run_address>0x5d4</run_address>
         <size>0x60</size>
         <input_file_ref idref="fl-d6"/>
      </object_component>
      <object_component id="oc-163">
         <name>.debug_frame</name>
         <load_address>0x634</load_address>
         <run_address>0x634</run_address>
         <size>0x54</size>
         <input_file_ref idref="fl-d7"/>
      </object_component>
      <object_component id="oc-1a7">
         <name>.debug_frame</name>
         <load_address>0x688</load_address>
         <run_address>0x688</run_address>
         <size>0x5c</size>
         <input_file_ref idref="fl-da"/>
      </object_component>
      <object_component id="oc-1ad">
         <name>.debug_frame</name>
         <load_address>0x6e4</load_address>
         <run_address>0x6e4</run_address>
         <size>0x54</size>
         <input_file_ref idref="fl-e1"/>
      </object_component>
      <object_component id="oc-67">
         <name>.debug_frame</name>
         <load_address>0x738</load_address>
         <run_address>0x738</run_address>
         <size>0x50</size>
         <input_file_ref idref="fl-e3"/>
      </object_component>
      <object_component id="oc-172">
         <name>.debug_frame</name>
         <load_address>0x788</load_address>
         <run_address>0x788</run_address>
         <size>0x5c</size>
         <input_file_ref idref="fl-ee"/>
      </object_component>
      <object_component id="oc-f9">
         <name>.debug_frame</name>
         <load_address>0x7e4</load_address>
         <run_address>0x7e4</run_address>
         <size>0x54</size>
         <input_file_ref idref="fl-ef"/>
      </object_component>
      <object_component id="oc-1a0">
         <name>.debug_abbrev</name>
         <load_address>0x0</load_address>
         <run_address>0x0</run_address>
         <size>0x27</size>
         <input_file_ref idref="fl-2"/>
      </object_component>
      <object_component id="oc-13a">
         <name>.debug_abbrev</name>
         <load_address>0x27</load_address>
         <run_address>0x27</run_address>
         <size>0x50</size>
         <input_file_ref idref="fl-2"/>
      </object_component>
      <object_component id="oc-d9">
         <name>.debug_abbrev</name>
         <load_address>0x77</load_address>
         <run_address>0x77</run_address>
         <size>0x69</size>
         <input_file_ref idref="fl-2"/>
      </object_component>
      <object_component id="oc-41">
         <name>.debug_abbrev</name>
         <load_address>0xe0</load_address>
         <run_address>0xe0</run_address>
         <size>0x1f</size>
         <input_file_ref idref="fl-2"/>
      </object_component>
      <object_component id="oc-143">
         <name>.debug_abbrev</name>
         <load_address>0xff</load_address>
         <run_address>0xff</run_address>
         <size>0x5c</size>
         <input_file_ref idref="fl-2"/>
      </object_component>
      <object_component id="oc-cd">
         <name>.debug_abbrev</name>
         <load_address>0x15b</load_address>
         <run_address>0x15b</run_address>
         <size>0x24</size>
         <input_file_ref idref="fl-2"/>
      </object_component>
      <object_component id="oc-1d2">
         <name>.debug_abbrev</name>
         <load_address>0x17f</load_address>
         <run_address>0x17f</run_address>
         <size>0xa9</size>
         <input_file_ref idref="fl-3"/>
      </object_component>
      <object_component id="oc-11f">
         <name>.debug_abbrev</name>
         <load_address>0x228</load_address>
         <run_address>0x228</run_address>
         <size>0x5a</size>
         <input_file_ref idref="fl-3"/>
      </object_component>
      <object_component id="oc-1d6">
         <name>.debug_abbrev</name>
         <load_address>0x282</load_address>
         <run_address>0x282</run_address>
         <size>0x5c</size>
         <input_file_ref idref="fl-3"/>
      </object_component>
      <object_component id="oc-11b">
         <name>.debug_abbrev</name>
         <load_address>0x2de</load_address>
         <run_address>0x2de</run_address>
         <size>0xc1</size>
         <input_file_ref idref="fl-4"/>
      </object_component>
      <object_component id="oc-1b0">
         <name>.debug_abbrev</name>
         <load_address>0x39f</load_address>
         <run_address>0x39f</run_address>
         <size>0x29</size>
         <input_file_ref idref="fl-4"/>
      </object_component>
      <object_component id="oc-160">
         <name>.debug_abbrev</name>
         <load_address>0x3c8</load_address>
         <run_address>0x3c8</run_address>
         <size>0x62</size>
         <input_file_ref idref="fl-4"/>
      </object_component>
      <object_component id="oc-124">
         <name>.debug_abbrev</name>
         <load_address>0x42a</load_address>
         <run_address>0x42a</run_address>
         <size>0x4b</size>
         <input_file_ref idref="fl-4"/>
      </object_component>
      <object_component id="oc-d2">
         <name>.debug_abbrev</name>
         <load_address>0x475</load_address>
         <run_address>0x475</run_address>
         <size>0x1f</size>
         <input_file_ref idref="fl-4"/>
      </object_component>
      <object_component id="oc-129">
         <name>.debug_abbrev</name>
         <load_address>0x494</load_address>
         <run_address>0x494</run_address>
         <size>0x33</size>
         <input_file_ref idref="fl-4"/>
      </object_component>
      <object_component id="oc-12c">
         <name>.debug_abbrev</name>
         <load_address>0x4c7</load_address>
         <run_address>0x4c7</run_address>
         <size>0xab</size>
         <input_file_ref idref="fl-5"/>
      </object_component>
      <object_component id="oc-138">
         <name>.debug_abbrev</name>
         <load_address>0x572</load_address>
         <run_address>0x572</run_address>
         <size>0x29</size>
         <input_file_ref idref="fl-5"/>
      </object_component>
      <object_component id="oc-132">
         <name>.debug_abbrev</name>
         <load_address>0x59b</load_address>
         <run_address>0x59b</run_address>
         <size>0x29</size>
         <input_file_ref idref="fl-5"/>
      </object_component>
      <object_component id="oc-ca">
         <name>.debug_abbrev</name>
         <load_address>0x5c4</load_address>
         <run_address>0x5c4</run_address>
         <size>0x10e</size>
         <input_file_ref idref="fl-5"/>
      </object_component>
      <object_component id="oc-12e">
         <name>.debug_abbrev</name>
         <load_address>0x6d2</load_address>
         <run_address>0x6d2</run_address>
         <size>0x6f</size>
         <input_file_ref idref="fl-6"/>
      </object_component>
      <object_component id="oc-d5">
         <name>.debug_abbrev</name>
         <load_address>0x741</load_address>
         <run_address>0x741</run_address>
         <size>0x7c</size>
         <input_file_ref idref="fl-7"/>
      </object_component>
      <object_component id="oc-36">
         <name>.debug_abbrev</name>
         <load_address>0x7bd</load_address>
         <run_address>0x7bd</run_address>
         <size>0x29</size>
         <input_file_ref idref="fl-7"/>
      </object_component>
      <object_component id="oc-7a">
         <name>.debug_abbrev</name>
         <load_address>0x7e6</load_address>
         <run_address>0x7e6</run_address>
         <size>0x79</size>
         <input_file_ref idref="fl-7"/>
      </object_component>
      <object_component id="oc-130">
         <name>.debug_abbrev</name>
         <load_address>0x85f</load_address>
         <run_address>0x85f</run_address>
         <size>0xc3</size>
         <input_file_ref idref="fl-8"/>
      </object_component>
      <object_component id="oc-1af">
         <name>.debug_abbrev</name>
         <load_address>0x922</load_address>
         <run_address>0x922</run_address>
         <size>0xe1</size>
         <input_file_ref idref="fl-8"/>
      </object_component>
      <object_component id="oc-137">
         <name>.debug_abbrev</name>
         <load_address>0xa03</load_address>
         <run_address>0xa03</run_address>
         <size>0x6c</size>
         <input_file_ref idref="fl-9"/>
      </object_component>
      <object_component id="oc-150">
         <name>.debug_abbrev</name>
         <load_address>0xa6f</load_address>
         <run_address>0xa6f</run_address>
         <size>0x24</size>
         <input_file_ref idref="fl-c6"/>
      </object_component>
      <object_component id="oc-13e">
         <name>.debug_abbrev</name>
         <load_address>0xa93</load_address>
         <run_address>0xa93</run_address>
         <size>0x3c</size>
         <input_file_ref idref="fl-c9"/>
      </object_component>
      <object_component id="oc-136">
         <name>.debug_abbrev</name>
         <load_address>0xacf</load_address>
         <run_address>0xacf</run_address>
         <size>0x3c</size>
         <input_file_ref idref="fl-ca"/>
      </object_component>
      <object_component id="oc-135">
         <name>.debug_abbrev</name>
         <load_address>0xb0b</load_address>
         <run_address>0xb0b</run_address>
         <size>0x3c</size>
         <input_file_ref idref="fl-ca"/>
      </object_component>
      <object_component id="oc-13c">
         <name>.debug_abbrev</name>
         <load_address>0xb47</load_address>
         <run_address>0xb47</run_address>
         <size>0x3c</size>
         <input_file_ref idref="fl-cb"/>
      </object_component>
      <object_component id="oc-13b">
         <name>.debug_abbrev</name>
         <load_address>0xb83</load_address>
         <run_address>0xb83</run_address>
         <size>0x3c</size>
         <input_file_ref idref="fl-cc"/>
      </object_component>
      <object_component id="oc-140">
         <name>.debug_abbrev</name>
         <load_address>0xbbf</load_address>
         <run_address>0xbbf</run_address>
         <size>0x3c</size>
         <input_file_ref idref="fl-cd"/>
      </object_component>
      <object_component id="oc-13d">
         <name>.debug_abbrev</name>
         <load_address>0xbfb</load_address>
         <run_address>0xbfb</run_address>
         <size>0x4a</size>
         <input_file_ref idref="fl-ce"/>
      </object_component>
      <object_component id="oc-13f">
         <name>.debug_abbrev</name>
         <load_address>0xc45</load_address>
         <run_address>0xc45</run_address>
         <size>0x3e</size>
         <input_file_ref idref="fl-cf"/>
      </object_component>
      <object_component id="oc-e2">
         <name>.debug_abbrev</name>
         <load_address>0xc83</load_address>
         <run_address>0xc83</run_address>
         <size>0x3e</size>
         <input_file_ref idref="fl-d0"/>
      </object_component>
      <object_component id="oc-134">
         <name>.debug_abbrev</name>
         <load_address>0xcc1</load_address>
         <run_address>0xcc1</run_address>
         <size>0x3e</size>
         <input_file_ref idref="fl-d1"/>
      </object_component>
      <object_component id="oc-153">
[...]
         <name>SEGMENT_0</name>
         <load_address>0x0</load_address>
         <run_address>0x0</run_address>
         <size>0x1fa0</size>
         <flags>0x5</flags>
         <contents>
            <logical_group_ref idref="lg-3"/>
            <logical_group_ref idref="lg-4"/>
            <logical_group_ref idref="lg-5"/>
            <logical_group_ref idref="lg-6"/>
         </contents>
      </load_segment>
      <load_segment id="lg-24f" display="no" color="cyan">
         <name>SEGMENT_1</name>
         <run_address>0x20000000</run_address>
         <size>0x308</size>
         <flags>0x6</flags>
         <contents>
            <logical_group_ref idref="lg-d"/>
            <logical_group_ref idref="lg-a"/>
            <logical_group_ref idref="lg-b"/>
            <logical_group_ref idref="lg-c"/>
         </contents>
      </load_segment>
   </logical_group_list>
   <placement_map>
      <memory_area display="yes" color="green">
         <name>FLASH</name>
         <page_id>0x0</page_id>
         <origin>0x0</origin>
         <length>0x40000</length>
         <used_space>0x1f9f</used_space>
         <unused_space>0x3e061</unused_space>
         <attributes>RX</attributes>
         <usage_details>
            <allocated_space>
               <start_address>0x0</start_address>
               <size>0x26c</size>
               <logical_group_ref idref="lg-3"/>
            </allocated_space>
            <allocated_space>
               <start_address>0x26c</start_address>
               <size>0x1bfa</size>
               <logical_group_ref idref="lg-4"/>
            </allocated_space>
            <allocated_space>
               <start_address>0x1e66</start_address>
               <size>0x101</size>
               <logical_group_ref idref="lg-5"/>
            </allocated_space>
            <available_space>
               <start_address>0x1f67</start_address>
               <size>0x1</size>
            </available_space>
            <allocated_space>
               <start_address>0x1f68</start_address>
               <size>0x38</size>
               <logical_group_ref idref="lg-6"/>
            </allocated_space>
            <available_space>
               <start_address>0x1fa0</start_address>
               <size>0x3e060</size>
            </available_space>
         </usage_details>
      </memory_area>
      <memory_area display="yes" color="green">
         <name>SRAM</name>
         <page_id>0x0</page_id>
         <origin>0x20000000</origin>
         <length>0x8000</length>
         <used_space>0x301</used_space>
         <unused_space>0x7cff</unused_space>
         <attributes>RWX</attributes>
         <usage_details>
            <allocated_space>
               <start_address>0x20000000</start_address>
               <size>0x0</size>
               <logical_group_ref idref="lg-21b"/>
            </allocated_space>
            <allocated_space>
               <start_address>0x20000000</start_address>
               <size>0x200</size>
               <logical_group_ref idref="lg-d"/>
            </allocated_space>
            <allocated_space>
               <start_address>0x20000200</start_address>
               <size>0xdc</size>
               <logical_group_ref idref="lg-a"/>
            </allocated_space>
            <allocated_space>
               <start_address>0x200002dc</start_address>
               <size>0x15</size>
               <logical_group_ref idref="lg-b"/>
            </allocated_space>
            <available_space>
               <start_address>0x200002f1</start_address>
               <size>0x7</size>
            </available_space>
            <allocated_space>
               <start_address>0x200002f8</start_address>
               <size>0x10</size>
               <logical_group_ref idref="lg-c"/>
            </allocated_space>
            <available_space>
               <start_address>0x20000308</start_address>
               <size>0x7cf8</size>
            </available_space>
         </usage_details>
      </memory_area>
   </placement_map>
   <cptbl_list>
      <cptbl>
         <name>__TI_cinit_table</name>
         <cprec>
            <name>.data</name>
            <load_address>0x1f68</load_address>
            <load_size>0xe</load_size>
            <run_address>0x20000200</run_address>
            <run_size>0xdc</run_size>
            <compression>lzss</compression>
         </cprec>
         <cprec>
            <name>.bss</name>
            <load_address>0x1f88</load_address>
            <load_size>0x8</load_size>
            <run_address>0x200002dc</run_address>
            <run_size>0x15</run_size>
            <compression>zero_init</compression>
         </cprec>
      </cptbl>
   </cptbl_list>
   <handler_table>
      <handler_table_name>__TI_handler_table</handler_table_name>
      <handler>
         <index>0x0</index>
         <name>__TI_decompress_lzss</name>
      </handler>
      <handler>
         <index>0x1</index>
         <name>__TI_decompress_none</name>
      </handler>
      <handler>
         <index>0x2</index>
         <name>__TI_zero_init</name>
      </handler>
   </handler_table>
   <symbol_table>
      <symbol id="sm-1">
         <name>__STACK_TOP</name>
         <value>0x20000200</value>
      </symbol>
      <symbol id="sm-2">
         <name>__start___llvm_prf_cnts</name>
         <value>0x20000000</value>
      </symbol>
      <symbol id="sm-3">
         <name>__stop___llvm_prf_cnts</name>
         <value>0x20000000</value>
      </symbol>
      <symbol id="sm-4">
         <name>__TI_CINIT_Base</name>
         <value>0x1f90</value>
      </symbol>
      <symbol id="sm-5">
         <name>__TI_CINIT_Limit</name>
         <value>0x1fa0</value>
      </symbol>
      <symbol id="sm-6">
         <name>__TI_Handler_Table_Base</name>
         <value>0x1f78</value>
      </symbol>
      <symbol id="sm-7">
         <name>__TI_Handler_Table_Limit</name>
         <value>0x1f84</value>
      </symbol>
      <symbol id="sm-8">
         <name>binit</name>
         <value>0xffffffff</value>
      </symbol>
      <symbol id="sm-9">
         <name>__binit__</name>
         <value>0xffffffff</value>
      </symbol>
      <symbol id="sm-a">
         <name>__STACK_SIZE</name>
         <value>0x200</value>
      </symbol>
      <symbol id="sm-b">
         <name>__STACK_END</name>
         <value>0x20000200</value>
      </symbol>
      <symbol id="sm-c">
         <name>__SYSMEM_SIZE</name>
         <value>0x10</value>
      </symbol>
      <symbol id="sm-d">
         <name>__c_args__</name>
         <value>0xffffffff</value>
      </symbol>
      <symbol id="sm-e">
         <name>__TI_pprof_out_hndl</name>
         <value>0xffffffff</value>
      </symbol>
      <symbol id="sm-f">
         <name>__TI_prof_data_start</name>
         <value>0xffffffff</value>
      </symbol>
      <symbol id="sm-10">
         <name>__TI_prof_data_size</name>
         <value>0xffffffff</value>
      </symbol>
      <symbol id="sm-4b">
         <name>initSystemClockTo40Mhz</name>
         <value>0x1e35</value>
         <object_component_ref idref="oc-a5"/>
      </symbol>
      <symbol id="sm-88">
         <name>leftcount</name>
         <value>0x200002dc</value>
      </symbol>
      <symbol id="sm-89">
         <name>rightcount</name>
         <value>0x200002e4</value>
      </symbol>
      <symbol id="sm-8a">
         <name>DATA</name>
         <value>0x200002ee</value>
      </symbol>
      <symbol id="sm-8b">
         <name>valid</name>
         <value>0x200002d8</value>
         <object_component_ref idref="oc-15d"/>
      </symbol>
      <symbol id="sm-8c">
         <name>d</name>
         <value>0x200002d4</value>
         <object_component_ref idref="oc-15d"/>
      </symbol>
      <symbol id="sm-8d">
         <name>main</name>
         <value>0x1b51</value>
         <object_component_ref idref="oc-fd"/>
      </symbol>
      <symbol id="sm-181">
         <name>count</name>
         <value>0x200002f0</value>
      </symbol>
      <symbol id="sm-182">
         <name>ADDR</name>
         <value>0x200002ec</value>
      </symbol>
      <symbol id="sm-183">
         <name>ADDRNOT</name>
         <value>0x200002ed</value>
      </symbol>
      <symbol id="sm-184">
         <name>DATANOT</name>
         <value>0x200002ef</value>
      </symbol>
      <symbol id="sm-185">
         <name>limit</name>
         <value>0x200002e0</value>
      </symbol>
      <symbol id="sm-186">
         <name>newcode</name>
         <value>0x200002cc</value>
         <object_component_ref idref="oc-85"/>
      </symbol>
      <symbol id="sm-187">
         <name>stop</name>
         <value>0xb4b</value>
         <object_component_ref idref="oc-30"/>
      </symbol>
      <symbol id="sm-188">
         <name>initHw</name>
         <value>0xb5f</value>
         <object_component_ref idref="oc-30"/>
      </symbol>
      <symbol id="sm-189">
         <name>reverse</name>
         <value>0x9fd</value>
         <object_component_ref idref="oc-30"/>
      </symbol>
      <symbol id="sm-18a">
         <name>RightFallingEdgeIsr</name>
         <value>0x6e5</value>
         <object_component_ref idref="oc-30"/>
      </symbol>
      <symbol id="sm-18b">
         <name>forward</name>
         <value>0x979</value>
         <object_component_ref idref="oc-30"/>
      </symbol>
      <symbol id="sm-18c">
         <name>measure_mm</name>
         <value>0xba1</value>
         <object_component_ref idref="oc-30"/>
      </symbol>
      <symbol id="sm-18d">
         <name>RightDebounceIsr</name>
         <value>0x94f</value>
         <object_component_ref idref="oc-30"/>
      </symbol>
      <symbol id="sm-18e">
         <name>initMovement</name>
         <value>0x26d</value>
         <object_component_ref idref="oc-30"/>
      </symbol>
      <symbol id="sm-18f">
         <name>LeftDebounceIsr</name>
         <value>0x937</value>
         <object_component_ref idref="oc-30"/>
      </symbol>
      <symbol id="sm-190">
         <name>navigate</name>
         <value>0xe2d</value>
         <object_component_ref idref="oc-30"/>
      </symbol>
      <symbol id="sm-191">
         <name>selectionSort2D</name>
         <value>0xd9b</value>
         <object_component_ref idref="oc-30"/>
      </symbol>
      <symbol id="sm-192">
         <name>swapRows</name>
         <value>0xd33</value>
         <object_component_ref idref="oc-30"/>
      </symbol>
      <symbol id="sm-193">
         <name>code</name>
         <value>0x200002c8</value>
         <object_component_ref idref="oc-85"/>
      </symbol>
      <symbol id="sm-194">
         <name>targetreached</name>
         <value>0x200002d0</value>
         <object_component_ref idref="oc-85"/>
      </symbol>
      <symbol id="sm-195">
         <name>ccw</name>
         <value>0xa75</value>
         <object_component_ref idref="oc-30"/>
      </symbol>
      <symbol id="sm-196">
         <name>sendPulse</name>
         <value>0xb6d</value>
         <object_component_ref idref="oc-30"/>
      </symbol>
      <symbol id="sm-197">
         <name>cw</name>
         <value>0xae9</value>
         <object_component_ref idref="oc-30"/>
      </symbol>
      <symbol id="sm-198">
         <name>motion_sense</name>
         <value>0xca1</value>
         <object_component_ref idref="oc-30"/>
      </symbol>
      <symbol id="sm-199">
         <name>speedToPWMLoad</name>
         <value>0xcbb</value>
         <object_component_ref idref="oc-30"/>
      </symbol>
      <symbol id="sm-19a">
         <name>wallpingtest</name>
         <value>0xef1</value>
         <object_component_ref idref="oc-30"/>
      </symbol>
      <symbol id="sm-19b">
         <name>remote</name>
         <value>0xc29</value>
         <object_component_ref idref="oc-30"/>
      </symbol>
      <symbol id="sm-19c">
         <name>LeftFallingEdgeIsr</name>
         <value>0x55b</value>
         <object_component_ref idref="oc-30"/>
      </symbol>
      <symbol id="sm-19d">
         <name>time</name>
         <value>0x20000200</value>
         <object_component_ref idref="oc-a2"/>
      </symbol>
      <symbol id="sm-1be">
         <name>ResetISR</name>
         <value>0x1e53</value>
         <object_component_ref idref="oc-2a"/>
      </symbol>
      <symbol id="sm-1bf">
         <name>g_pfnVectors</name>
         <value>0x0</value>
         <object_component_ref idref="oc-12"/>
      </symbol>
      <symbol id="sm-220">
         <name>temp</name>
         <value>0x200002e8</value>
      </symbol>
      <symbol id="sm-221">
         <name>getcUart0</name>
         <value>0x104b</value>
         <object_component_ref idref="oc-157"/>
      </symbol>
      <symbol id="sm-222">
         <name>isCommand</name>
         <value>0x132d</value>
         <object_component_ref idref="oc-157"/>
      </symbol>
      <symbol id="sm-223">
         <name>getFieldString</name>
         <value>0x12b9</value>
         <object_component_ref idref="oc-157"/>
      </symbol>
      <symbol id="sm-224">
         <name>parseFields</name>
         <value>0x110d</value>
         <object_component_ref idref="oc-157"/>
      </symbol>
      <symbol id="sm-225">
         <name>kbhitUart0</name>
         <value>0x10c9</value>
         <object_component_ref idref="oc-157"/>
      </symbol>
      <symbol id="sm-226">
         <name>getFieldInteger</name>
         <value>0x12f3</value>
         <object_component_ref idref="oc-157"/>
      </symbol>
      <symbol id="sm-227">
         <name>setUart0BaudRate</name>
         <value>0xfbf</value>
         <object_component_ref idref="oc-157"/>
      </symbol>
      <symbol id="sm-228">
         <name>uartcmd</name>
         <value>0x1369</value>
         <object_component_ref idref="oc-157"/>
      </symbol>
      <symbol id="sm-229">
         <name>putsUart0</name>
         <value>0x101f</value>
         <object_component_ref idref="oc-157"/>
      </symbol>
      <symbol id="sm-22a">
         <name>initUart0</name>
         <value>0xf55</value>
         <object_component_ref idref="oc-157"/>
      </symbol>
      <symbol id="sm-22b">
         <name>putcUart0</name>
         <value>0x1003</value>
         <object_component_ref idref="oc-157"/>
      </symbol>
      <symbol id="sm-22c">
         <name>getsUart0</name>
         <value>0x105f</value>
         <object_component_ref idref="oc-157"/>
      </symbol>
      <symbol id="sm-23a">
         <name>waitMicrosecond</name>
         <value>0x1dbb</value>
         <object_component_ref idref="oc-97"/>
      </symbol>
      <symbol id="sm-25c">
         <name>__aeabi_dsub</name>
         <value>0x15c1</value>
         <object_component_ref idref="oc-bb"/>
      </symbol>
      <symbol id="sm-25d">
         <name>__aeabi_dadd</name>
         <value>0x15cb</value>
         <object_component_ref idref="oc-bb"/>
      </symbol>
      <symbol id="sm-27f">
         <name>__aeabi_cdcmpeq</name>
         <value>0x1a45</value>
         <object_component_ref idref="oc-92"/>
      </symbol>
      <symbol id="sm-280">
         <name>__aeabi_cdcmple</name>
         <value>0x1a45</value>
         <object_component_ref idref="oc-92"/>
      </symbol>
      <symbol id="sm-281">
         <name>__aeabi_cdrcmple</name>
         <value>0x1acb</value>
         <object_component_ref idref="oc-8d"/>
      </symbol>
      <symbol id="sm-295">
         <name>__aeabi_ddiv</name>
         <value>0x1777</value>
         <object_component_ref idref="oc-b1"/>
      </symbol>
      <symbol id="sm-2a0">
         <name>__aeabi_dmul</name>
         <value>0x18ad</value>
         <object_component_ref idref="oc-ac"/>
      </symbol>
      <symbol id="sm-2aa">
         <name>__aeabi_d2iz</name>
         <value>0x1c89</value>
         <object_component_ref idref="oc-c5"/>
      </symbol>
      <symbol id="sm-2b4">
         <name>__aeabi_d2uiz</name>
         <value>0x1d15</value>
         <object_component_ref idref="oc-b6"/>
      </symbol>
      <symbol id="sm-2be">
         <name>__aeabi_i2d</name>
         <value>0x1d8d</value>
         <object_component_ref idref="oc-c0"/>
      </symbol>
      <symbol id="sm-2d9">
         <name>memcpy</name>
         <value>0x19a9</value>
         <object_component_ref idref="oc-44"/>
      </symbol>
      <symbol id="sm-2da">
         <name>__aeabi_memcpy</name>
         <value>0x19a9</value>
         <object_component_ref idref="oc-44"/>
      </symbol>
      <symbol id="sm-2db">
         <name>__aeabi_memcpy8</name>
         <value>0x19a9</value>
         <object_component_ref idref="oc-44"/>
      </symbol>
      <symbol id="sm-2dc">
         <name>__aeabi_memcpy4</name>
         <value>0x19a9</value>
         <object_component_ref idref="oc-44"/>
      </symbol>
      <symbol id="sm-2e6">
         <name>__aeabi_ui2d</name>
         <value>0x1ddf</value>
         <object_component_ref idref="oc-88"/>
      </symbol>
      <symbol id="sm-2fc">
         <name>__TI_zero_init_nomemset</name>
         <value>0x1dff</value>
         <object_component_ref idref="oc-50"/>
      </symbol>
      <symbol id="sm-313">
         <name>__TI_decompress_none</name>
         <value>0x1e45</value>
         <object_component_ref idref="oc-1b"/>
      </symbol>
      <symbol id="sm-336">
         <name>__TI_decompress_lzss</name>
         <value>0x1bd5</value>
         <object_component_ref idref="oc-15"/>
      </symbol>
      <symbol id="sm-341">
         <name>C$$EXIT</name>
         <value>0x1e63</value>
         <object_component_ref idref="oc-161"/>
      </symbol>
      <symbol id="sm-342">
         <name>abort</name>
         <value>0x1e63</value>
         <object_component_ref idref="oc-161"/>
      </symbol>
      <symbol id="sm-35a">
         <name>atoi</name>
         <value>0x1c3d</value>
         <object_component_ref idref="oc-1a2"/>
      </symbol>
      <symbol id="sm-365">
         <name>_ctypes_</name>
         <value>0x1e66</value>
         <object_component_ref idref="oc-1d9"/>
      </symbol>
      <symbol id="sm-37d">
         <name>_sys_memory</name>
         <value>0x200002f8</value>
         <object_component_ref idref="oc-24"/>
      </symbol>
      <symbol id="sm-38d">
         <name>strcmp</name>
         <value>0x1e1b</value>
         <object_component_ref idref="oc-1a8"/>
      </symbol>
      <symbol id="sm-3a1">
         <name>__stack</name>
         <value>0x20000000</value>
         <object_component_ref idref="oc-27"/>
      </symbol>
      <symbol id="sm-3a2">
         <name>_c_int00_noargs</name>
         <value>0x1d59</value>
         <object_component_ref idref="oc-62"/>
      </symbol>
      <symbol id="sm-3d4">
         <name>__TI_auto_init_nobinit_nopinit</name>
         <value>0x1cd1</value>
         <object_component_ref idref="oc-16d"/>
      </symbol>
      <symbol id="sm-3de">
         <name>_system_pre_init</name>
         <value>0x1e5f</value>
         <object_component_ref idref="oc-f7"/>
      </symbol>
      <symbol id="sm-3f3">
         <name>__TI_static_base__</name>
         <value>0x0</value>
      </symbol>
      <symbol id="sm-3f6">
         <name>__mpu_init</name>
         <value>0x0</value>
      </symbol>
      <symbol id="sm-3f7">
         <name>_system_post_cinit</name>
         <value>0x0</value>
      </symbol>
   </symbol_table>
   <title>Link successful</title>
</link_info>
